## it is always good practice to create a seperate directory for dockerfile and keep the related/helping files in the same directory with the docker file.
## you write instructions in docker file 

  ## EXAMPLE dockerfile keywords
FROM <image>:<tag> Tells Docker what will be the base for the image being create  ## can you run msoffice without a operating system? No you will need OS to run an application
ADD  Copies the files from the source on the host into the Docker image's own filesystem at the desired destination. Command is not only about copying files from the local filesystem-you can use it to get the file from the network. ( also extracts tar files )
COPY  It will copy new files or directories from < source path> and adds them to the filesystem of the container at the path <destination path>
CMD/ENTRYPOINT  CMD ["executable", "parameter1", "parameter2"] his is the so-called exec form 
                CMD command parameter1 parameter2 This a shell form of the instruction
RUN  Instruction will execute any commands in a new layer on top of the current image and then commit the results ( try to combine commands)
EXPOSE  Instruction informs Docker that the container listens on the specified network ports at runtime. ck
WORKDIR  Default login location
ENV  Environment variable (to Setup environment variables)


=== WORKDIR EXAMPLE === 
root@2f8f577360b0:/# whoami
root
root@2f8f577360b0:/# pwd
/
root@2f8f577360b0:/#

## dockerfile will have specified the location/working directory of the apache2 container 
## https://github.com/docker-library/httpd/blob/3056c115a9f3c2467cc6f67470cfded70c4adc64/2.4/Dockerfile
## https://hub.docker.com/_/httpd
#....
ENV HTTPD_PREFIX /usr/local/apache2  <---------- Assigning variable <<
ENV PATH $HTTPD_PREFIX/bin:$PATH
RUN mkdir -p "$HTTPD_PREFIX" \
	&& chown www-data:www-data "$HTTPD_PREFIX"
WORKDIR $HTTPD_PREFIX  <-------------------------------- Calling variable <<
#....

root@ip-172-31-30-108:~# docker run -d --name test03 -p 8081:80 httpd:latest
5c77344069dfe49d45dc74c50e4b079b2275376694d67e506057048b6e1d9dea
root@ip-172-31-30-108:~# docker exec -it test03 bash
root@5c77344069df:/usr/local/apache2# pwd
/usr/local/apache2
root@5c77344069df:/usr/local/apache2#


## you can have only one CMD instruction in whole docker file, you cannot use the CMD instruction. 
## use only one CMD or ENTRYPOINT
## it is the first instruction as soon as the container gets started. 
## CMD can be over-written and ENTRYPOINT cannot be over-written.
## you can use both CMD and ENTRYPOINT at the same-time. If you are using ENTRYPOINT with the CMD the ENTRYPOINT will be treated as main program of your container. 
## if you use CMD after ENTRYPOINT whatever value you will be passing through CMD will be taken or forwarded to ENTRYPOINT as an argument.


=== DOCKER HISTORY TO CHECK THE LAYER OF DOCKERFILE TO BUILD IMAGE docker-history - Show the history of an image ===

## docker images are made with the layers and to check the docker file layers use the (docker history) command.

root@ip-172-31-30-108:~/myapp/app# docker images
REPOSITORY                   TAG       IMAGE ID       CREATED       SIZE
ghcr.io/mussawirimam/myapp   v1        81411260b5b8   7 days ago    294MB
myapp                        v1        81411260b5b8   7 days ago    294MB
mussawirimam/myapp01         v1        81411260b5b8   7 days ago    294MB
wordpress                    latest    90d160fe6b42   12 days ago   686MB
mysql                        latest    7ce93a845a8a   13 days ago   586MB
httpd                        latest    19c71fbb7140   2 weeks ago   148MB
nginx                        latest    a72860cb95fd   6 weeks ago   188MB
ubuntu                       latest    35a88802559d   8 weeks ago   78.1MB


root@ip-172-31-30-108:~/myapp/app# docker history nginx  <---------------------------------------------------------------<<
IMAGE          CREATED       CREATED BY                                      SIZE      COMMENT
a72860cb95fd   6 weeks ago   CMD ["nginx" "-g" "daemon off;"]                0B        buildkit.dockerfile.v0
<missing>      6 weeks ago   STOPSIGNAL SIGQUIT                              0B        buildkit.dockerfile.v0
<missing>      6 weeks ago   EXPOSE map[80/tcp:{}]                           0B        buildkit.dockerfile.v0
<missing>      6 weeks ago   ENTRYPOINT ["/docker-entrypoint.sh"]            0B        buildkit.dockerfile.v0
<missing>      6 weeks ago   COPY 30-tune-worker-processes.sh /docker-ent…   4.62kB    buildkit.dockerfile.v0
<missing>      6 weeks ago   COPY 20-envsubst-on-templates.sh /docker-ent…   3.02kB    buildkit.dockerfile.v0
<missing>      6 weeks ago   COPY 15-local-resolvers.envsh /docker-entryp…   336B      buildkit.dockerfile.v0
<missing>      6 weeks ago   COPY 10-listen-on-ipv6-by-default.sh /docker…   2.12kB    buildkit.dockerfile.v0
<missing>      6 weeks ago   COPY docker-entrypoint.sh / # buildkit          1.62kB    buildkit.dockerfile.v0
<missing>      6 weeks ago   RUN /bin/sh -c set -x     && groupadd --syst…   113MB     buildkit.dockerfile.v0
<missing>      6 weeks ago   ENV PKG_RELEASE=2~bookworm                      0B        buildkit.dockerfile.v0
<missing>      6 weeks ago   ENV NJS_RELEASE=2~bookworm                      0B        buildkit.dockerfile.v0
<missing>      6 weeks ago   ENV NJS_VERSION=0.8.4                           0B        buildkit.dockerfile.v0
<missing>      6 weeks ago   ENV NGINX_VERSION=1.27.0                        0B        buildkit.dockerfile.v0
<missing>      6 weeks ago   LABEL maintainer=NGINX Docker Maintainers <d…   0B        buildkit.dockerfile.v0
<missing>      6 weeks ago   /bin/sh -c #(nop)  CMD ["bash"]                 0B
<missing>      6 weeks ago   /bin/sh -c #(nop) ADD file:6c4730e7b12278bc7…   74.8MB
root@ip-172-31-30-108:~/myapp/app#

## avoid having multiple layer for whichever command that can be combined. Combine the layers of command that can be combined.  Example shell commands etc 

## to see complete instruction of the dockerfile using docker history history use the option/switch/flag --no-trunc
# docker history nginx:latest --no-trunc 








=== CREATING DOCKERFILE AND HOW TO BUILD A IMAGE OUT OF IT === 
root@ip-172-31-30-108:~/myapp/app# vi Dockerfile

"Dockerfile" 14L, 806B                                                                                                                                                                          10,2          All
## it is not a good practice to use <image>:latest (latest tag) as your image, because
## if the image version were to change in future, you will have improper application or platform.
FROM ubuntu:22.04
RUN apt update && apt install apache2 -y
WORKDIR /var/www/html
EXPOSE 80
## to start main process of the container to make it alive or that will be making up and running my container.
## this is not a good proactice (CMD [service apache2 start])
## whenever writing service apache2 start is actaully is executing /usr/sbin/apache2ctl binary location to execute the command.
##/usr/sbin/apache2ctl is only a binary to run it, we need to define -D and how you want to start it in foreground or background
## dont have the white spaces or else you will get errors
CMD ["/usr/sbin/apache2ctl","-D","FOREGROUND"]

## command to build the docker image out of the dockerfile 
## dot ( . ) means the present working directory

root@ip-172-31-30-108:~/myapp/app# docker build -t testapp:v1 .  
[+] Building 24.9s (8/8) FINISHED                                                                                                                                                                  docker:default
 => [internal] load build definition from Dockerfile                                                                                                                                                         0.0s
 => => transferring dockerfile: 858B                                                                                                                                                                         0.0s
 => [internal] load metadata for docker.io/library/ubuntu:22.04                                                                                                                                              0.4s
 => [auth] library/ubuntu:pull token for registry-1.docker.io                                                                                                                                                0.0s
 => [internal] load .dockerignore                                                                                                                                                                            0.0s
 => => transferring context: 2B                                                                                                                                                                              0.0s
 => [1/3] FROM docker.io/library/ubuntu:22.04@sha256:340d9b015b194dc6e2a13938944e0d016e57b9679963fdeb9ce021daac430221                                                                                        2.3s
 => => resolve docker.io/library/ubuntu:22.04@sha256:340d9b015b194dc6e2a13938944e0d016e57b9679963fdeb9ce021daac430221                                                                                        0.0s
 => => sha256:340d9b015b194dc6e2a13938944e0d016e57b9679963fdeb9ce021daac430221 1.13kB / 1.13kB                                                                                                               0.0s
 => => sha256:0eb0f877e1c869a300c442c41120e778db7161419244ee5cbc6fa5f134e74736 424B / 424B                                                                                                                   0.0s
 => => sha256:8a3cdc4d1ad3e314a91f76b7b99eed443f2152e3a9bf33e46669b31d094be443 2.30kB / 2.30kB                                                                                                               0.0s
 => => sha256:3713021b02770a720dea9b54c03d0ed83e03a2ef5dce2898c56a327fee9a8bca 29.53MB / 29.53MB                                                                                                             0.4s
 => => extracting sha256:3713021b02770a720dea9b54c03d0ed83e03a2ef5dce2898c56a327fee9a8bca                                                                                                                    1.7s
 => [2/3] RUN apt update && apt install apache2 -y                                                                                                                                                          19.6s
 => [3/3] WORKDIR /var/www/html                                                                                                                                                                              0.1s
 => exporting to image                                                                                                                                                                                       2.3s
 => => exporting layers                                                                                                                                                                                      2.3s
 => => writing image sha256:4064c6cb261e3e515fa959fa9b6e5b5f8cd04466e4452df46b187f667b663364                                                                                                                 0.0s
 => => naming to docker.io/library/testapp:v1                                                                                                                                                                0.0s
root@ip-172-31-30-108:~/myapp/app#

root@ip-172-31-30-108:~/myapp/app# docker images
REPOSITORY                   TAG       IMAGE ID       CREATED              SIZE
testapp                      v1        4064c6cb261e   About a minute ago   240MB	<-----------------------<<
myapp                        v1        81411260b5b8   7 days ago           294MB
mussawirimam/myapp01         v1        81411260b5b8   7 days ago           294MB
ghcr.io/mussawirimam/myapp   v1        81411260b5b8   7 days ago           294MB
wordpress                    latest    90d160fe6b42   12 days ago          686MB
mysql                        latest    7ce93a845a8a   13 days ago          586MB
httpd                        latest    19c71fbb7140   2 weeks ago          148MB
nginx                        latest    a72860cb95fd   6 weeks ago          188MB
ubuntu                       latest    35a88802559d   8 weeks ago          78.1MB
root@ip-172-31-30-108:~/myapp/app#

=== CREATING CONTAINER OUT OF DOCKERFILE IMAGE ===

root@ip-172-31-30-108:~/myapp/app# docker run -d --name app02 -p 9090:80 testapp:v1
3e3a89d3bc43b2bbed85e45fea5c189a07bb1659a9182ba86b30c4597b59dc47
root@ip-172-31-30-108:~/myapp/app# docker ps
CONTAINER ID   IMAGE        COMMAND                  CREATED         STATUS         PORTS                                   NAMES
3e3a89d3bc43   testapp:v1   "/usr/sbin/apache2ct…"   3 seconds ago   Up 2 seconds   0.0.0.0:9090->80/tcp, :::9090->80/tcp   app02
root@ip-172-31-30-108:~/myapp/app#

## goes to the defined directory in the docker file. 
root@ip-172-31-30-108:~/myapp/app# docker exec -it app02 bash
root@3e3a89d3bc43:/var/www/html# pwd
/var/www/html
root@3e3a89d3bc43:/var/www/html# ls
index.html
root@3e3a89d3bc43:/var/www/html#


https://www.free-css.com/free-css-templates
root@ip-172-31-30-108:~/myapp/app# wget https://www.free-css.com/assets/files/free-css-templates/download/page296/finexo.zip
--2024-08-06 16:05:34--  https://www.free-css.com/assets/files/free-css-templates/download/page296/finexo.zip

root@ip-172-31-30-108:~/myapp/app# unzip finexo.zip
Archive:  finexo.zip
   creating: finexo-html/

root@ip-172-31-30-108:~/myapp/app# cd finexo-html/
root@ip-172-31-30-108:~/myapp/app/finexo-html# ls

about.html  css  fonts  images  index.html  js  service.html  team.html  why.html
root@ip-172-31-30-108:~/myapp/app/finexo-html#

root@ip-172-31-30-108:~/myapp/app/finexo-html# tar -czvf app.tar .
./
./fonts/
./fonts/fontawesome-webfont.woff2

root@ip-172-31-30-108:~/myapp/app/finexo-html# tar -tvf app.tar
drwxr-xr-x root/root         0 2024-08-06 16:07 ./
drwxr-xr-x root/root         0 2020-09-16 13:26 ./fonts/
-rw-r--r-- root/root     77160 2019-08-22 23:05 ./fonts/fontaw

root@ip-172-31-30-108:~/myapp/app/finexo-html# mv app.tar app.tar ..
mv: cannot stat 'app.tar': No such file or directory
root@ip-172-31-30-108:~/myapp/app/finexo-html# cd ..
root@ip-172-31-30-108:~/myapp/app# ls
Dockerfile  app.tar  finexo-html  finexo.zip
root@ip-172-31-30-108:~/myapp/app# rm -rf finexo-html/ finexo.zip
root@ip-172-31-30-108:~/myapp/app# ls
Dockerfile  app.tar
root@ip-172-31-30-108:~/myapp/app#

=== DOCKERFILE ===
root@ip-172-31-30-108:~/myapp/app# vi Dockerfile
root@ip-172-31-30-108:~/myapp/app# cat Dockerfile
## it is not a good practice to use <image>:latest (latest tag) as your image, because
## if the image version were to change in future, you will have improper application or platform.
FROM ubuntu:22.04
RUN apt update && apt install apache2 -y
WORKDIR /var/www/html
EXPOSE 80
ADD app.tar /var/www/html
## to start main process of the container to make it alive or that will be making up and running my container.
## this is not a good proactice (CMD [service apache2 start])
## whenever writing service apache2 start is actaully is executing /usr/sbin/apache2ctl binary location to execute the command.
##/usr/sbin/apache2ctl is only a binary to run it, we need to define -D and how you want to start it in foreground or background
## dont have the white spaces or else you will get errors
CMD ["/usr/sbin/apache2ctl","-D","FOREGROUND"]

=== BUILDING IMAGE FROM DOCKERFILE INSTRUCTIONS ===
root@ip-172-31-30-108:~/myapp/app#
(failed reverse-i-search)`': docker run --name app02 u^Cntu:lateset
root@ip-172-31-30-108:~/myapp/app# docker build -t testapp:v2 .
[+] Building 1.0s (10/10) FINISHED                                                                                                                                                                 docker:default
 => [internal] load build definition from Dockerfile                                                                                                                                                         0.1s
 => => transferring dockerfile: 884B                                                                                                                                                                         0.0s
 => [internal] load metadata for docker.io/library/ubuntu:22.04                                                                                                                                              0.5s
 => [auth] library/ubuntu:pull token for registry-1.docker.io                                                                                                                                                0.0s
 => [internal] load .dockerignore                                                                                                                                                                            0.0s
 => => transferring context: 2B                                                                                                                                                                              0.0s
 => [1/4] FROM docker.io/library/ubuntu:22.04@sha256:340d9b015b194dc6e2a13938944e0d016e57b9679963fdeb9ce021daac430221                                                                                        0.0s
 => [internal] load build context                                                                                                                                                                            0.1s
 => => transferring context: 2.09MB                                                                                                                                                                          0.0s
 => CACHED [2/4] RUN apt update && apt install apache2 -y                                                                                                                                                    0.0s
 => CACHED [3/4] WORKDIR /var/www/html                                                                                                                                                                       0.0s
 => [4/4] ADD app.tar /var/www/html                                                                                                                                                                          0.1s
 => exporting to image                                                                                                                                                                                       0.1s
 => => exporting layers                                                                                                                                                                                      0.1s
 => => writing image sha256:45734c7608206883d58a85f550383e27512b84647dbc8c9c08a89111f356fad8                                                                                                                 0.0s
 => => naming to docker.io/library/testapp:v2                                                                                                                                                                0.0s
root@ip-172-31-30-108:~/myapp/app#

root@ip-172-31-30-108:~/myapp/app# docker images
REPOSITORY                   TAG       IMAGE ID       CREATED          SIZE
testapp                      v2        45734c760820   24 seconds ago   243MB
testapp                      v1        4064c6cb261e   40 hours ago     240MB
mussawirimam/myapp01         v1        81411260b5b8   8 days ago       294MB
ghcr.io/mussawirimam/myapp   v1        81411260b5b8   8 days ago       294MB
myapp                        v1        81411260b5b8   8 days ago       294MB
wordpress                    latest    90d160fe6b42   13 days ago      686MB
mysql                        latest    7ce93a845a8a   2 weeks ago      586MB
httpd                        latest    19c71fbb7140   2 weeks ago      148MB
nginx                        latest    a72860cb95fd   6 weeks ago      188MB
ubuntu                       latest    35a88802559d   2 months ago     78.1MB
root@ip-172-31-30-108:~/myapp/app#

root@ip-172-31-30-108:~/myapp/app# docker run -d --name app03 -p 9091:80 testapp:v2
329d2b920913090cac5008377631fc0b12fa8500e11124d9f2f9341c9455cf28
root@ip-172-31-30-108:~/myapp/app# docker ps
CONTAINER ID   IMAGE        COMMAND                  CREATED          STATUS          PORTS                                   NAMES
329d2b920913   testapp:v2   "/usr/sbin/apache2ct…"   4 seconds ago    Up 3 seconds    0.0.0.0:9091->80/tcp, :::9091->80/tcp   app03
3e3a89d3bc43   testapp:v1   "/usr/sbin/apache2ct…"   39 minutes ago   Up 39 minutes   0.0.0.0:9090->80/tcp, :::9090->80/tcp   app02
root@ip-172-31-30-108:~/myapp/app#

--- ON BROSWER ---
http://<IP>:9091
Finexo

--- where you will end up should be defined in the docker file of the images ---
root@ip-172-31-30-108:~/myapp/app# docker run -d --name test01 -p 8080:80 nginx:latest
13649db55dfcc4e7653c4fec2d2b2bac0ff9bdf072b8c3b0976326a07e1df56b
root@ip-172-31-30-108:~/myapp/app# docker exec -it test bash
Error response from daemon: No such container: test
root@ip-172-31-30-108:~/myapp/app# docker exec -it test bash01
Error response from daemon: No such container: test
root@ip-172-31-30-108:~/myapp/app# docker exec -it test01 bash
root@13649db55dfc:/# whoami
root
root@13649db55dfc:/# pwd
/
root@13649db55dfc:/# exit
exit
root@ip-172-31-30-108:~/myapp/app# docker run -d --name test02 -p 8081:80 httpd:latest
c31f0ae102486851828b2a02de0e089c4805bb2bf2813211083b65c908ee7d52
root@ip-172-31-30-108:~/myapp/app# docker exec -it test02 bash
root@c31f0ae10248:/usr/local/apache2# whoami
root
root@c31f0ae10248:/usr/local/apache2# pwd
/usr/local/apache2
root@c31f0ae10248:/usr/local/apache2#

=== over-writting the cmd at start with passing argument to change the cmd from dockerfile/you can change the starting command on run ===

cat Dockerfile
FROM ubuntu:22.04
RUN apt update && apt install apache2 -y
## you should avoid multiple layer, you can do this whichever command can be combined to avoid multiple layer
## you can create another RUN apt install apache -y but that will create another layer on your docker image which is not a good practice
#ADD
#COPY
CMD ["/usr/sbin/apache2ctl","-D","FOREGROUND"]
EXPOSE 80
WORKDIR /var/www/html/
#ENV

docker build -t testapp:v3 .

[+] Building 0.9s (8/8) FINISHED                                                                                                                  docker:default
 => [internal] load build definition from Dockerfile                                                                                                        0.2s
 => => transferring dockerfile: 443B                                                                                                                        0.0s
 => [internal] load metadata for docker.io/library/ubuntu:22.04                                                                                             0.6s
 => [auth] library/ubuntu:pull token for registry-1.docker.io                                                                                               0.0s
 => [internal] load .dockerignore                                                                                                                           0.0s
 => => transferring context: 2B                                                                                                                             0.0s
 => [1/3] FROM docker.io/library/ubuntu:22.04@sha256:340d9b015b194dc6e2a13938944e0d016e57b9679963fdeb9ce021daac430221                                       0.0s
 => CACHED [2/3] RUN apt update && apt install apache2 -y                                                                                                   0.0s
 => CACHED [3/3] WORKDIR /var/www/html/                                                                                                                     0.0s
 => exporting to image                                                                                                                                      0.0s
 => => exporting layers                                                                                                                                     0.0s
 => => writing image sha256:05f91c09d03131a2519e8faae710383f724e7a727d4c12e3bbb4de37b502e4b9                                                                0.0s
 => => naming to docker.io/library/testapp:v3                                                                                                               0.0s

docker images
REPOSITORY                   TAG       IMAGE ID       CREATED        SIZE
testapp                      v2        45734c760820   3 days ago     243MB
testapp                      v1        4064c6cb261e   4 days ago     240MB
testapp                      v3        05f91c09d031   4 days ago     240MB
ghcr.io/mussawirimam/myapp   v1        81411260b5b8   11 days ago    294MB
myapp                        v1        81411260b5b8   11 days ago    294MB
mussawirimam/myapp01         v1        81411260b5b8   11 days ago    294MB
wordpress                    latest    90d160fe6b42   2 weeks ago    686MB
mysql                        latest    7ce93a845a8a   2 weeks ago    586MB
httpd                        latest    19c71fbb7140   3 weeks ago    148MB
nginx                        latest    a72860cb95fd   7 weeks ago    188MB
ubuntu                       latest    35a88802559d   2 months ago   78.1MB

docker run -d --name testapp03 testapp:v3 ls
fbf7cc5cd42bd0ba1922a8ac113eb79cdcc9a809e3558f4e76419b16125a0a25

docker ps -a
CONTAINER ID   IMAGE          COMMAND                  CREATED          STATUS                      PORTS                                   NAMES
fbf7cc5cd42b   testapp:v3     "ls"                     12 seconds ago   Exited (0) 10 seconds ago                                           testapp03
c31f0ae10248   httpd:latest   "httpd-foreground"       3 days ago       Up 20 hours                 0.0.0.0:8081->80/tcp, :::8081->80/tcp   test02
13649db55dfc   nginx:latest   "/docker-entrypoint.…"   3 days ago       Up 21 hours                 0.0.0.0:8080->80/tcp, :::8080->80/tcp   test01

--- You can have seperate entry point and seperate CMD --- 
FROM ubuntu:22.04
RUN apt update && apt install apache2 -y
## you should avoid multiple layer, you can do this whichever command can be combined to avoid multiple layer
## you can create another RUN apt install apache -y but that will create another layer on your docker image which is not a good practice
#ADD
#COPY
ENTRYPOINT ["/usr/sbin/apache2ctl"]
CMD ["-D","FOREGROUND"]
EXPOSE 80
WORKDIR /var/www/html/
#ENV

=== TROUBLE SHOOTING COMMAND === 
root@ip-172-31-30-108:~/app# systemd-cgls

 ├─fwupd.service
  │ └─62013 /usr/libexec/fwupd/fwupd
  ├─docker-ac3433d0dbbcd8a8b7e5928ed847fa9e1d84ace47d88415e7f8e6010bd780542.scope …
  │ ├─62561 nginx: master process nginx -g daemon off;
  │ └─62669 nginx: worker process

root@ip-172-31-30-108:~# docker stats
CONTAINER ID   NAME      CPU %     MEM USAGE / LIMIT     MEM %     NET I/O       BLOCK I/O         PIDS
ac3433d0dbbc   hero      0.00%     9.543MiB / 957.4MiB   1.00%     1.16kB / 0B   8.68MB / 12.3kB   2
CONTAINER ID   NAME      CPU %     MEM USAGE / LIMIT     MEM %     NET I/O       BLOCK I/O         PIDS
ac3433d0dbbc   hero      0.00%     9.543MiB / 957.4MiB   1.00%     1.16kB / 0B   8.68MB / 12.3kB   2
CONTAINER ID   NAME      CPU %     MEM USAGE / LIMIT     MEM %     NET I/O       BLOCK I/O         PIDS
ac3433d0dbbc   hero      0.00%     9.543MiB / 957.4MiB   1.00%     1.16kB / 0B   8.68MB / 12.3kB   2
CONTAINER ID   NAME      CPU %     MEM USAGE / LIMIT     MEM %     NET I/O       BLOCK I/O         PIDS
ac3433d0dbbc   hero      0.00%     9.543MiB / 957.4MiB   1.00%     1.16kB / 0B   8.68MB / 12.3kB   2
CONTAINER ID   NAME      CPU %     MEM USAGE / LIMIT     MEM %     NET I/O       BLOCK I/O         PIDS
ac3433d0dbbc   hero      0.00%     9.543MiB / 957.4MiB   1.00%     1.16kB / 0B   8.68MB / 12.3kB   2
CONTAINER ID   NAME      CPU %     MEM USAGE / LIMIT     MEM %     NET I/O       BLOCK I/O         PIDS


=== LIMITING THE MEMORY USAGE WITH --MEMORY FLAG ===

root@ip-172-31-30-108:~/app# docker run -d --name test05memory --memory="128m" nginx:latest
dac94189d67ae977ed574fab173838b9de26f2f218d33f1fe6c55856d2e9de06

CONTAINER ID   NAME           CPU %     MEM USAGE / LIMIT     MEM %     NET I/O      BLOCK I/O         PIDS
69474cb781e4   test05memory   0.00%     2.355MiB / 128MiB     1.84%     796B / 0B    0B / 12.3kB       2
ac3433d0dbbc   hero           0.00%     9.543MiB / 957.4MiB   1.00%     1.3kB / 0B   8.68MB / 12.3kB   2

=== LIMITING THE CPU USAGE WITH --CPU FLAG ===
root@ip-172-31-30-108 ~/app 
docker run -d --name test01cpumemorylimit --cpus="0.5" --memory="128m" nginx:latest
aa5271431294d5ae8883fa1d41236b11f03aba4bacba1bc8ed1ff48b2bfb3fa4


root@ip-172-31-30-108:~/app# docker ps -a
CONTAINER ID   IMAGE          COMMAND                  CREATED              STATUS              PORTS                                               NAMES
aa5271431294   nginx:latest   "/docker-entrypoint.…"   About a minute ago   Up About a minute   80/tcp                                              test01cpumemorylimit
69474cb781e4   nginx:latest   "/docker-entrypoint.…"   7 minutes ago        Up 7 minutes        80/tcp                                              test05memory
ac3433d0dbbc   nginx:latest   "/docker-entrypoint.…"   27 minutes ago       Up 27 minutes       80/tcp, 0.0.0.0:9095->8080/tcp, :::9095->8080/tcp   hero

root@ip-172-31-30-108:~/app# docker stats
CONTAINER ID   NAME                   CPU %     MEM USAGE / LIMIT     MEM %     NET I/O      BLOCK I/O         PIDS
aa5271431294   test01cpumemorylimit   0.00%     2.734MiB / 128MiB     2.14%     796B / 0B    344kB / 12.3kB    2
69474cb781e4   test05memory           0.00%     2.266MiB / 128MiB     1.77%     936B / 0B    0B / 12.3kB       2
ac3433d0dbbc   hero                   0.00%     2.352MiB / 957.4MiB   0.25%     1.3kB / 0B   8.68MB / 12.3kB   2

--- -s, --size[=false]      Display total file sizes ---
root@ip-172-31-30-108:~# docker ps -s
CONTAINER ID   IMAGE          COMMAND                  CREATED       STATUS       PORTS                                               NAMES                  SIZE
aa5271431294   nginx:latest   "/docker-entrypoint.…"   5 hours ago   Up 5 hours   80/tcp                                              test01cpumemorylimit   1.09kB (virtual 188MB)
69474cb781e4   nginx:latest   "/docker-entrypoint.…"   5 hours ago   Up 5 hours   80/tcp                                              test05memory           1.09kB (virtual 188MB)
ac3433d0dbbc   nginx:latest   "/docker-entrypoint.…"   5 hours ago   Up 5 hours   80/tcp, 0.0.0.0:9095->8080/tcp, :::9095->8080/tcp   hero                   1.09kB (virtual 188MB)
